
--- EMAIL ---
To: rendlavishnutej@gmail.com
Subject: Faculty match: Faizal Gupta
Name: Faizal Gupta
Areas: Natural Language Processing, Explainable AI
Workload: 0

Publications:
- Gupta F., Explainable Transformers, 2023
- Gupta F., Interpretability in NLP, 2020

Full profile:
Faizal Gupta
Research Areas: Natural Language Processing, Explainable AI
Selected Publications:
- Gupta F., Explainable Transformers, 2023
- Gupta F., Interpretability in NLP, 2020
Workload: 0 active projects

Profile: Faizal is interested in explainability for large language models and interpretability techniques.

--- EMAIL ---
To: rendlavishnutej@gmail.com
Subject: Faculty match: Faizal Gupta
Name: Faizal Gupta
Areas: Natural Language Processing, Explainable AI
Workload: 0

Publications:
- Gupta F., Explainable Transformers, 2023
- Gupta F., Interpretability in NLP, 2020

Full profile:
Faizal Gupta
Research Areas: Natural Language Processing, Explainable AI
Selected Publications:
- Gupta F., Explainable Transformers, 2023
- Gupta F., Interpretability in NLP, 2020
Workload: 0 active projects

Profile: Faizal is interested in explainability for large language models and interpretability techniques.

--- EMAIL ---
To: rendlavishnutej@gmail.com
Subject: Faculty match: Faizal Gupta
Name: Faizal Gupta
Areas: Natural Language Processing, Explainable AI
Workload: 0

Publications:
- Gupta F., Explainable Transformers, 2023
- Gupta F., Interpretability in NLP, 2020

Full profile:
Faizal Gupta
Research Areas: Natural Language Processing, Explainable AI
Selected Publications:
- Gupta F., Explainable Transformers, 2023
- Gupta F., Interpretability in NLP, 2020
Workload: 0 active projects

Profile: Faizal is interested in explainability for large language models and interpretability techniques.
